// Vitest Snapshot v1

exports[`page-loader > resolve Composer namespace 1`] = `
{
  "MyPhpPackage": "/home/inertia-plugin/test_vendor/ycs77/my-php-package/resources/js/Pages",
}
`;

exports[`page-loader > resolve NPM namespace 1`] = `
{
  "MyPackage2": "/home/inertia-plugin/test_node_modules/my-plugin2/other-pages",
}
`;
